src/components/ui/OptimizedImage.tsx(109,25): error TS7006: Parameter 'src' implicitly has an 'any' type.
src/components/ui/OptimizedImage.tsx(126,26): error TS7006: Parameter 'sources' implicitly has an 'any' type.
src/components/ui/OptimizedImage.tsx(127,36): error TS7006: Parameter 'src' implicitly has an 'any' type.
src/features/cart/components/CouponInput.tsx(37,78): error TS2339: Property 'COUPONS' does not exist on type '{ PRODUCTS: string; AUTH: string; USERS: string; ORDERS: string; REVIEWS: string; WISHLIST: string; }'.
src/features/products/components/ProductFilters.tsx(1,8): error TS6133: 'React' is declared but its value is never read.
src/features/products/components/ProductFilters.tsx(3,20): error TS2307: Cannot find module '../utils/config' or its corresponding type declarations.
src/features/products/components/ProductFilters.tsx(5,27): error TS7031: Binding element 'onFiltersChange' implicitly has an 'any' type.
src/features/products/components/ProductFilters.tsx(5,44): error TS7031: Binding element 'currentFilters' implicitly has an 'any' type.
src/features/products/components/ProductFilters.tsx(7,10): error TS6133: 'loading' is declared but its value is never read.
src/features/products/components/ProductFilters.tsx(7,19): error TS6133: 'setLoading' is declared but its value is never read.
src/features/products/components/ProductFilters.tsx(31,31): error TS7006: Parameter 'key' implicitly has an 'any' type.
src/features/products/components/ProductFilters.tsx(31,36): error TS7006: Parameter 'value' implicitly has an 'any' type.
src/features/products/components/ProductReviews.tsx(28,10): error TS6133: 'error' is declared but its value is never read.
src/features/products/pages/ProductDetailPage.tsx(25,9): error TS6133: 'user' is declared but its value is never read.
src/features/products/pages/ProductDetailPage.tsx(206,13): error TS2322: Type 'ProductDetail' is not assignable to type '{ sizes?: { size: string; stock: number; }[] | undefined; colors?: { name: string; hexCode: string; stock: number; }[] | undefined; stock?: number | undefined; }'.
  Types of property 'sizes' are incompatible.
    Type 'string[] | undefined' is not assignable to type '{ size: string; stock: number; }[] | undefined'.
      Type 'string[]' is not assignable to type '{ size: string; stock: number; }[]'.
        Type 'string' is not assignable to type '{ size: string; stock: number; }'.
src/features/wishlist/components/WishlistButton.tsx(36,21): error TS2345: Argument of type 'boolean | undefined' is not assignable to parameter of type 'SetStateAction<boolean>'.
  Type 'undefined' is not assignable to type 'SetStateAction<boolean>'.
src/features/wishlist/pages/WishlistPage.tsx(32,18): error TS2345: Argument of type 'string | undefined' is not assignable to parameter of type 'SetStateAction<string | null>'.
  Type 'undefined' is not assignable to type 'SetStateAction<string | null>'.
src/features/wishlist/pages/WishlistPage.tsx(147,98): error TS2551: Property 'image' does not exist on type 'Product'. Did you mean 'images'?
src/features/wishlist/pages/WishlistPage.tsx(159,22): error TS18048: 'product.rating' is possibly 'undefined'.
src/features/wishlist/pages/WishlistPage.tsx(165,28): error TS18048: 'product.rating' is possibly 'undefined'.
